// Jest Snapshot v1, https://goo.gl/fbAQLP

exports[`<PasswordRequest /> should render and match the snapshot 1`] = `
<h1>
  <span>
    This is the PasswordRequest container!
  </span>
</h1>
`;
